// Jest Snapshot v1, https://goo.gl/fbAQLP

exports[`App component renders App 1`] = `
<ul>
  <li
    key="myName"
  >
    <a
      href="url"
    >
       
      myName
       
    </a>
  </li>
  <li
    key="myName"
  >
    <a
      href="url"
    >
       
      myName
       
    </a>
  </li>
</ul>
`;
